{
  "table1": {
    "_data": [
      {
        "a": "a2",
        "_hash": "coOa9IUeUZ7j2a7U-tReeu"
      }
    ],
    "_tableCfg": "LM5fm8eNChH3kE3D38X0Fa",
    "_hash": "jpM5ZNlmmoojoYcdPN7htq"
  }
}