{
  "_hash": "wxgdV5jIef3qwTulptWsyf",
  "tableCfgs": {
    "_data": [
      {
        "version": 1,
        "key": "tableCfgs",
        "type": "ingredients",
        "isHead": false,
        "isRoot": false,
        "isShared": true,
        "columns": [
          {
            "key": "key",
            "type": "string",
            "_hash": "tapEY-QdaJwWhz1PPZoG35"
          },
          {
            "key": "type",
            "type": "string",
            "_hash": "zE7ALsNzu5JPgDD4AxeRCh"
          }
        ],
        "_hash": "kfolqEwyK1k5O7lq9w7TYf"
      },
      {
        "version": 1,
        "key": "revisions",
        "type": "ingredients",
        "isHead": false,
        "isRoot": false,
        "isShared": true,
        "columns": [
          {
            "key": "table",
            "type": "string",
            "_hash": "FmsYjsit04XJi02Sihdwl-"
          },
          {
            "key": "predecessor",
            "type": "string",
            "_hash": "RlAk7Lj-lZf2KDlUk5fekZ"
          },
          {
            "key": "successor",
            "type": "string",
            "_hash": "MJlFtQVty5oUJKVzzj5hyB"
          },
          {
            "key": "timestamp",
            "type": "number",
            "_hash": "XpKYGh23thW6vONgQuoMHf"
          },
          {
            "key": "id",
            "type": "string",
            "_hash": "eq2P3RIaSgy81i7PomNUvn"
          }
        ],
        "_hash": "MMO6CzLeZiHsQIa9AbdqHs"
      }
    ],
    "_type": "ingredients",
    "_tableCfg": "kfolqEwyK1k5O7lq9w7TYf",
    "_hash": "9B3KB4aZcmTBNf64v6OBFS"
  },
  "revisions": {
    "_data": [],
    "_type": "ingredients",
    "_tableCfg": "MMO6CzLeZiHsQIa9AbdqHs",
    "_hash": "3wrA9dDshRmoqfw_O5m6jk"
  }
}