{
  "_hash": "h9UNtoBx3lvHU4yzAyz10M",
  "tableCfgs": {
    "_data": [
      {
        "_hash": "oS4O57K1hbZY9hQzRID9nO",
        "key": "tableCfgs",
        "type": "ingredients",
        "isHead": false,
        "isRoot": false,
        "isShared": true,
        "previous": "",
        "columns": [
          {
            "key": "_hash",
            "type": "string",
            "_hash": "df4oYftB-71Njv9FprRCeg"
          },
          {
            "key": "key",
            "type": "string",
            "_hash": "tapEY-QdaJwWhz1PPZoG35"
          },
          {
            "key": "type",
            "type": "string",
            "_hash": "zE7ALsNzu5JPgDD4AxeRCh"
          },
          {
            "key": "isHead",
            "type": "boolean",
            "_hash": "ar8Hajt2UZDn-F21QLMyC_"
          },
          {
            "key": "isRoot",
            "type": "boolean",
            "_hash": "hedsCm_HtiiTuzJyTeMqhm"
          },
          {
            "key": "isShared",
            "type": "boolean",
            "_hash": "pxXOf3-3qCo9Z3FzC9JXSH"
          },
          {
            "key": "previous",
            "type": "string",
            "_hash": "e0TEeDmSvJcLEMtrVxc0oW"
          },
          {
            "key": "columns",
            "type": "jsonArray",
            "_hash": "aPmGTcNng9E1RvlEj1LtxB"
          }
        ]
      },
      {
        "key": "revisions",
        "type": "ingredients",
        "isHead": true,
        "isRoot": true,
        "isShared": false,
        "columns": [
          {
            "key": "_hash",
            "type": "string",
            "_hash": "df4oYftB-71Njv9FprRCeg"
          },
          {
            "key": "table",
            "type": "string",
            "_hash": "FmsYjsit04XJi02Sihdwl-"
          },
          {
            "key": "predecessor",
            "type": "string",
            "_hash": "RlAk7Lj-lZf2KDlUk5fekZ"
          },
          {
            "key": "successor",
            "type": "string",
            "_hash": "MJlFtQVty5oUJKVzzj5hyB"
          },
          {
            "key": "timestamp",
            "type": "number",
            "_hash": "XpKYGh23thW6vONgQuoMHf"
          },
          {
            "key": "id",
            "type": "string",
            "_hash": "eq2P3RIaSgy81i7PomNUvn"
          }
        ],
        "_hash": "CubBZQUGTMLa5wMqqzHLXz"
      },
      {
        "key": "table1",
        "columns": [
          {
            "key": "_hash",
            "type": "string",
            "_hash": "df4oYftB-71Njv9FprRCeg"
          },
          {
            "key": "a",
            "type": "string",
            "_hash": "4sOy83iAANZEj6_Lmlg0d3"
          },
          {
            "key": "b",
            "type": "number",
            "_hash": "dHYaVsRiXeP_WY7Qrd5Y8J"
          }
        ],
        "type": "ingredients",
        "isHead": true,
        "isRoot": true,
        "isShared": false,
        "_hash": "LM5fm8eNChH3kE3D38X0Fa"
      },
      {
        "key": "table2",
        "columns": [
          {
            "key": "_hash",
            "type": "string",
            "_hash": "df4oYftB-71Njv9FprRCeg"
          },
          {
            "key": "a",
            "type": "string",
            "_hash": "4sOy83iAANZEj6_Lmlg0d3"
          },
          {
            "key": "b",
            "type": "number",
            "_hash": "dHYaVsRiXeP_WY7Qrd5Y8J"
          }
        ],
        "type": "ingredients",
        "isHead": true,
        "isRoot": true,
        "isShared": false,
        "_hash": "GGPEyV5H-4C3fZr_emK8iC"
      }
    ],
    "_tableCfg": "oS4O57K1hbZY9hQzRID9nO",
    "_hash": "elFe1LT7JfBOyJnhHO1nm2"
  },
  "revisions": {
    "_data": [],
    "_tableCfg": "CubBZQUGTMLa5wMqqzHLXz",
    "_hash": "dppr2oAzB9-npmA3E7ZLNI"
  },
  "table1": {
    "_data": [],
    "_tableCfg": "LM5fm8eNChH3kE3D38X0Fa",
    "_hash": "jpM5ZNlmmoojoYcdPN7htq"
  },
  "table2": {
    "_data": [],
    "_tableCfg": "GGPEyV5H-4C3fZr_emK8iC",
    "_hash": "yCGKKwr92WWo7rdRSUzon9"
  }
}