{
  "tableCfgs": {
    "_data": [
      {
        "version": 1,
        "key": "tableCfgs",
        "type": "ingredients",
        "columns": {
          "key": {
            "key": "key",
            "type": "string",
            "previous": "string",
            "_hash": "ihagAmOoQOmhFSVINwQw9A"
          },
          "type": {
            "key": "type",
            "type": "string",
            "previous": "string",
            "_hash": "PSoWCBj2arLb56BHBnYDUO"
          },
          "_hash": "4rRRswbOKxipAkL7YAqL4E"
        },
        "_hash": "E_lIGygQ0yJdIxpgclZSeB"
      }
    ],
    "_type": "ingredients",
    "_tableCfg": "E_lIGygQ0yJdIxpgclZSeB",
    "_hash": "a-e3JtPJw8fxDd3BZu4WT1"
  }
}